#-----------------------------------------------------------
# Vivado v2014.4 (64-bit)
# SW Build 1071353 on Tue Nov 18 16:47:07 MST 2014
# IP Build 1070531 on Tue Nov 18 01:10:18 MST 2014
# Start of session at: Sat Apr  2 11:53:51 2016
# Process ID: 2743
# Log file: /home/alok/s09/axi_dma_sg/vivado/vivado.log
# Journal file: /home/alok/s09/axi_dma_sg/vivado/vivado.jou
#-----------------------------------------------------------
start_gui
open_project /home/alok/s09/axi_dma_sg/vivado/project_1/project_1.xpr
launch_sdk -workspace /home/alok/s09/axi_dma_sg/vivado/project_1/project_1.sdk -hwspec /home/alok/s09/axi_dma_sg/vivado/project_1/project_1.sdk/design_1_wrapper.hdf
close_project
create_project project_2 /home/alok/Vivado_Projects/risc/project_2 -part xc7z020clg484-1
set_property board_part em.avnet.com:zed:part0:1.2 [current_project]
add_files -norecurse {/home/alok/25_3_2015_7_53_PM_Lim/CPU/ROM_Limaye.vhd /home/alok/25_3_2015_7_53_PM_Lim/CPU/RAM1.vhd /home/alok/25_3_2015_7_53_PM_Lim/CPU/CPU.vhd /home/alok/25_3_2015_7_53_PM_Lim/CPU/b7seg.vhd}
update_compile_order -fileset sources_1
update_compile_order -fileset sources_1
update_compile_order -fileset sim_1
update_compile_order -fileset sources_1
launch_runs synth_1
wait_on_run synth_1
open_run synth_1 -name synth_1
launch_simulation
source CPU.tcl
add_force {/CPU/clk} -radix bin {1 0ns} {0 50000ps} -repeat_every 100000ps
add_force {/CPU/clk} -radix bin {1 0ns} {0 50000ps} -repeat_every 100000ps
run 10 us
run 10 us
run 10 us
run 10 us
run 10 us
run 10 us
run 10 us
run 10 us
run 10 us
run 10 us
run 10 us
run 10 us
run 10 us
run 10 us
run 10 us
run 10 us
run 10 us
run 10 us
run 10 us
run 10 us
run 10 us
run 10 us
run 10 us
run 10 us
add_force {/CPU/clk} -radix bin {1 0ns} {0 50000ps} -repeat_every 100000ps
run 10 us
run 10 us
run 10 us
add_force {/CPU/reset} -radix bin {0 0ns}
add_force {/CPU/reset} -radix bin {0 0ns}
run 10 us
add_force {/CPU/reset} -radix bin {1 0ns}
add_force {/CPU/reset} -radix bin {1 0ns}
run 10 us
run 10 us
run 10 us
run 10 us
add_force {/CPU/reset} -radix bin {0 0ns}
add_force {/CPU/reset} -radix bin {0 0ns}
run 10 us
run 10 us
run 10 us
close_sim
