

================================================================
== Vivado HLS Report for 'image_filter_Block_Mat_exit1220_proc1'
================================================================
* Date:           Wed Mar 30 11:12:42 2016

* Version:        2014.4 (Build 1071461 on Tue Nov 18 16:42:57 PM 2014)
* Project:        prj
* Solution:       solution1
* Product family: zynq
* Target device:  xc7z020clg484-1


================================================================
== Performance Estimates
================================================================
+ Timing (ns): 
    * Summary: 
    +---------+-------+----------+------------+
    |  Clock  | Target| Estimated| Uncertainty|
    +---------+-------+----------+------------+
    |default  |   6.67|      3.40|        0.83|
    +---------+-------+----------+------------+

+ Latency (clock cycles): 
    * Summary: 
    +-----+---------+-----+---------+---------+
    |    Latency    |    Interval   | Pipeline|
    | min |   max   | min |   max   |   Type  |
    +-----+---------+-----+---------+---------+
    |    2|  2076842|    2|  2076842|   none  |
    +-----+---------+-----+---------+---------+

    + Detail: 
        * Instance: 
        N/A

        * Loop: 
        N/A



================================================================
== Utilization Estimates
================================================================
* Summary: 
+-----------------+---------+-------+--------+-------+
|       Name      | BRAM_18K| DSP48E|   FF   |  LUT  |
+-----------------+---------+-------+--------+-------+
|Expression       |        -|      -|       -|      -|
|FIFO             |        -|      -|       -|      -|
|Instance         |        -|      -|       -|      -|
|Memory           |        -|      -|       -|      -|
|Multiplexer      |        -|      -|       -|      -|
|Register         |        -|      -|       -|      -|
+-----------------+---------+-------+--------+-------+
|Total            |        0|      0|       0|      0|
+-----------------+---------+-------+--------+-------+
|Available        |      280|    220|  106400|  53200|
+-----------------+---------+-------+--------+-------+
|Utilization (%)  |        0|      0|       0|      0|
+-----------------+---------+-------+--------+-------+

+ Detail: 
    * Instance: 
    N/A

    * Memory: 
    N/A

    * FIFO: 
    N/A

    * Expression: 
    N/A

    * Multiplexer: 
    N/A

    * Register: 
    N/A



================================================================
== Interface
================================================================
* Summary: 
N/A

============================================================
+ Verbose Summary: Synthesis Manager
============================================================
InlineROM: 1
ExposeGlobal: 0
============================================================
+ Verbose Summary: CDFG Model
============================================================
IsTopModel: 0
ResetActiveHigh: 1
IsCombinational: 2
IsDatapathOnly: 0
HasWiredReturn: 1
HasMFsm: 0
HasVarLatency: 1
IsPipeline: 0
IsRtlPipelined: 0
IsInstanceOverlapped: 0
IsDontTouch: 0
HasImplIP: 0
IsGatedGlobalClock: 0


============================================================
+ Verbose Summary: Schedule
============================================================
* Number of FSM states: 2
* Pipeline: 0
* Dataflow Pipeline: 0

* FSM state transitions: 
1 --> 
	2  / true
2 --> 
* FSM state operations: 

 <State 1>: 0.00ns
ST_1: p_read_1 [1/1] 0.00ns
newFuncRoot:9  %p_read_1 = call i12 @_ssdm_op_Read.ap_auto.i12(i12 %p_read17)

ST_1: p_read_2 [1/1] 0.00ns
newFuncRoot:10  %p_read_2 = call i12 @_ssdm_op_Read.ap_auto.i12(i12 %p_read16)

ST_1: p_read22 [1/1] 0.00ns
newFuncRoot:11  %p_read22 = call i12 @_ssdm_op_Read.ap_auto.i12(i12 %p_read2)

ST_1: p_read_3 [1/1] 0.00ns
newFuncRoot:12  %p_read_3 = call i12 @_ssdm_op_Read.ap_auto.i12(i12 %p_read)

ST_1: stg_7 [2/2] 0.00ns
newFuncRoot:13  call fastcc void @"image_filter_Duplicate<1080, 1920, 32, 32>"(i12 %p_read_2, i12 %p_read_1, i8* %p_src_data_stream_0_V, i8* %p_src_data_stream_1_V, i8* %p_src_data_stream_2_V, i12 %p_read_3, i12 %p_read22, i8* %src0_data_stream_0_V, i8* %src0_data_stream_1_V, i8* %src0_data_stream_2_V, i12 %p_read_3, i12 %p_read22, i8* %src1_data_stream_0_V, i8* %src1_data_stream_1_V, i8* %src1_data_stream_2_V)


 <State 2>: 0.00ns
ST_2: stg_8 [1/1] 0.00ns
newFuncRoot:0  call void (...)* @_ssdm_op_SpecInterface(i8* %src1_data_stream_2_V, [8 x i8]* @str152, i32 0, i32 0, i32 0, i32 0, [1 x i8]* @str153, [1 x i8]* @str153, [8 x i8]* @str152)

ST_2: stg_9 [1/1] 0.00ns
newFuncRoot:1  call void (...)* @_ssdm_op_SpecInterface(i8* %src1_data_stream_1_V, [8 x i8]* @str148, i32 0, i32 0, i32 0, i32 0, [1 x i8]* @str149, [1 x i8]* @str149, [8 x i8]* @str148)

ST_2: stg_10 [1/1] 0.00ns
newFuncRoot:2  call void (...)* @_ssdm_op_SpecInterface(i8* %src1_data_stream_0_V, [8 x i8]* @str144, i32 0, i32 0, i32 0, i32 0, [1 x i8]* @str145, [1 x i8]* @str145, [8 x i8]* @str144)

ST_2: stg_11 [1/1] 0.00ns
newFuncRoot:3  call void (...)* @_ssdm_op_SpecInterface(i8* %src0_data_stream_2_V, [8 x i8]* @str140, i32 0, i32 0, i32 0, i32 0, [1 x i8]* @str141, [1 x i8]* @str141, [8 x i8]* @str140)

ST_2: stg_12 [1/1] 0.00ns
newFuncRoot:4  call void (...)* @_ssdm_op_SpecInterface(i8* %src0_data_stream_1_V, [8 x i8]* @str136, i32 0, i32 0, i32 0, i32 0, [1 x i8]* @str137, [1 x i8]* @str137, [8 x i8]* @str136)

ST_2: stg_13 [1/1] 0.00ns
newFuncRoot:5  call void (...)* @_ssdm_op_SpecInterface(i8* %src0_data_stream_0_V, [8 x i8]* @str132, i32 0, i32 0, i32 0, i32 0, [1 x i8]* @str133, [1 x i8]* @str133, [8 x i8]* @str132)

ST_2: stg_14 [1/1] 0.00ns
newFuncRoot:6  call void (...)* @_ssdm_op_SpecInterface(i8* %p_src_data_stream_2_V, [8 x i8]* @str116, i32 0, i32 0, i32 0, i32 0, [1 x i8]* @str117, [1 x i8]* @str117, [8 x i8]* @str116)

ST_2: stg_15 [1/1] 0.00ns
newFuncRoot:7  call void (...)* @_ssdm_op_SpecInterface(i8* %p_src_data_stream_1_V, [8 x i8]* @str112, i32 0, i32 0, i32 0, i32 0, [1 x i8]* @str113, [1 x i8]* @str113, [8 x i8]* @str112)

ST_2: stg_16 [1/1] 0.00ns
newFuncRoot:8  call void (...)* @_ssdm_op_SpecInterface(i8* %p_src_data_stream_0_V, [8 x i8]* @str108, i32 0, i32 0, i32 0, i32 0, [1 x i8]* @str109, [1 x i8]* @str109, [8 x i8]* @str108)

ST_2: stg_17 [1/2] 0.00ns
newFuncRoot:13  call fastcc void @"image_filter_Duplicate<1080, 1920, 32, 32>"(i12 %p_read_2, i12 %p_read_1, i8* %p_src_data_stream_0_V, i8* %p_src_data_stream_1_V, i8* %p_src_data_stream_2_V, i12 %p_read_3, i12 %p_read22, i8* %src0_data_stream_0_V, i8* %src0_data_stream_1_V, i8* %src0_data_stream_2_V, i12 %p_read_3, i12 %p_read22, i8* %src1_data_stream_0_V, i8* %src1_data_stream_1_V, i8* %src1_data_stream_2_V)

ST_2: mrv [1/1] 0.00ns
newFuncRoot:14  %mrv = insertvalue { i12, i12, i12, i12, i12, i12, i12, i12 } undef, i12 %p_read_3, 0

ST_2: mrv_1 [1/1] 0.00ns
newFuncRoot:15  %mrv_1 = insertvalue { i12, i12, i12, i12, i12, i12, i12, i12 } %mrv, i12 %p_read22, 1

ST_2: mrv_2 [1/1] 0.00ns
newFuncRoot:16  %mrv_2 = insertvalue { i12, i12, i12, i12, i12, i12, i12, i12 } %mrv_1, i12 %p_read_3, 2

ST_2: mrv_3 [1/1] 0.00ns
newFuncRoot:17  %mrv_3 = insertvalue { i12, i12, i12, i12, i12, i12, i12, i12 } %mrv_2, i12 %p_read22, 3

ST_2: mrv_4 [1/1] 0.00ns
newFuncRoot:18  %mrv_4 = insertvalue { i12, i12, i12, i12, i12, i12, i12, i12 } %mrv_3, i12 %p_read_3, 4

ST_2: mrv_5 [1/1] 0.00ns
newFuncRoot:19  %mrv_5 = insertvalue { i12, i12, i12, i12, i12, i12, i12, i12 } %mrv_4, i12 %p_read22, 5

ST_2: mrv_6 [1/1] 0.00ns
newFuncRoot:20  %mrv_6 = insertvalue { i12, i12, i12, i12, i12, i12, i12, i12 } %mrv_5, i12 %p_read_3, 6

ST_2: mrv_7 [1/1] 0.00ns
newFuncRoot:21  %mrv_7 = insertvalue { i12, i12, i12, i12, i12, i12, i12, i12 } %mrv_6, i12 %p_read22, 7

ST_2: stg_26 [1/1] 0.00ns
newFuncRoot:22  ret { i12, i12, i12, i12, i12, i12, i12, i12 } %mrv_7



============================================================
+ Verbose Summary: Binding
============================================================
N/A
* FSMD analyzer results:
  - Output states:
  - Chain level:
	State 1
	State 2


============================================================
+ Verbose Summary: Datapath Resource usage 
============================================================
N/A
