

================================================================
== Vivado HLS Report for 'image_filter_Duplicate_1080_1920_32_32_s'
================================================================
* Date:           Wed Mar 30 11:12:48 2016

* Version:        2014.4 (Build 1071461 on Tue Nov 18 16:42:57 PM 2014)
* Project:        prj
* Solution:       solution1
* Product family: zynq
* Target device:  xc7z020clg484-1


================================================================
== Performance Estimates
================================================================
+ Timing (ns): 
    * Summary: 
    +---------+-------+----------+------------+
    |  Clock  | Target| Estimated| Uncertainty|
    +---------+-------+----------+------------+
    |default  |   6.67|      3.40|        0.83|
    +---------+-------+----------+------------+

+ Latency (clock cycles): 
    * Summary: 
    +-----+---------+-----+---------+---------+
    |    Latency    |    Interval   | Pipeline|
    | min |   max   | min |   max   |   Type  |
    +-----+---------+-----+---------+---------+
    |    1|  2076841|    1|  2076841|   none  |
    +-----+---------+-----+---------+---------+

    + Detail: 
        * Instance: 
        N/A

        * Loop: 
        +---------------+-----+---------+----------+-----------+-----------+----------+----------+
        |               |    Latency    | Iteration|  Initiation Interval  |   Trip   |          |
        |   Loop Name   | min |   max   |  Latency |  achieved |   target  |   Count  | Pipelined|
        +---------------+-----+---------+----------+-----------+-----------+----------+----------+
        |- loop_height  |    0|  2076840| 3 ~ 1923 |          -|          -| 0 ~ 1080 |    no    |
        | + loop_width  |    0|     1920|         2|          1|          1| 0 ~ 1920 |    yes   |
        +---------------+-----+---------+----------+-----------+-----------+----------+----------+



================================================================
== Utilization Estimates
================================================================
* Summary: 
+-----------------+---------+-------+--------+-------+
|       Name      | BRAM_18K| DSP48E|   FF   |  LUT  |
+-----------------+---------+-------+--------+-------+
|Expression       |        -|      -|       0|     51|
|FIFO             |        -|      -|       -|      -|
|Instance         |        -|      -|       -|      -|
|Memory           |        -|      -|       -|      -|
|Multiplexer      |        -|      -|       -|     23|
|Register         |        -|      -|      40|      -|
+-----------------+---------+-------+--------+-------+
|Total            |        0|      0|      40|     74|
+-----------------+---------+-------+--------+-------+
|Available        |      280|    220|  106400|  53200|
+-----------------+---------+-------+--------+-------+
|Utilization (%)  |        0|      0|   ~0   |   ~0  |
+-----------------+---------+-------+--------+-------+

+ Detail: 
    * Instance: 
    N/A

    * Memory: 
    N/A

    * FIFO: 
    N/A

    * Expression: 
    +---------------------+----------+-------+---+----+------------+------------+
    |    Variable Name    | Operation| DSP48E| FF| LUT| Bitwidth P0| Bitwidth P1|
    +---------------------+----------+-------+---+----+------------+------------+
    |i_V_fu_244_p2        |     +    |      0|  0|  11|          11|           1|
    |j_V_fu_259_p2        |     +    |      0|  0|  11|          11|           1|
    |exitcond3_fu_239_p2  |   icmp   |      0|  0|  14|          12|          12|
    |exitcond_fu_254_p2   |   icmp   |      0|  0|  14|          12|          12|
    |ap_sig_bdd_128       |    or    |      0|  0|   1|           1|           1|
    +---------------------+----------+-------+---+----+------------+------------+
    |Total                |          |      0|  0|  51|          47|          27|
    +---------------------+----------+-------+---+----+------------+------------+

    * Multiplexer: 
    +-------------+----+-----------+-----+-----------+
    |     Name    | LUT| Input Size| Bits| Total Bits|
    +-------------+----+-----------+-----+-----------+
    |ap_NS_fsm    |   1|          5|    1|          5|
    |p_3_reg_223  |  11|          2|   11|         22|
    |p_s_reg_212  |  11|          2|   11|         22|
    +-------------+----+-----------+-----+-----------+
    |Total        |  23|          9|   23|         49|
    +-------------+----+-----------+-----+-----------+

    * Register: 
    +-----------------------+----+----+-----+-----------+
    |          Name         | FF | LUT| Bits| Const Bits|
    +-----------------------+----+----+-----+-----------+
    |ap_CS_fsm              |   4|   0|    4|          0|
    |ap_reg_ppiten_pp0_it0  |   1|   0|    1|          0|
    |ap_reg_ppiten_pp0_it1  |   1|   0|    1|          0|
    |exitcond_reg_284       |   1|   0|    1|          0|
    |i_V_reg_279            |  11|   0|   11|          0|
    |p_3_reg_223            |  11|   0|   11|          0|
    |p_s_reg_212            |  11|   0|   11|          0|
    +-----------------------+----+----+-----+-----------+
    |Total                  |  40|   0|   40|          0|
    +-----------------------+----+----+-----+-----------+



================================================================
== Interface
================================================================
* Summary: 
+-----------------------------+-----+-----+------------+--------------------------------------------+--------------+
|          RTL Ports          | Dir | Bits|  Protocol  |                Source Object               |    C Type    |
+-----------------------------+-----+-----+------------+--------------------------------------------+--------------+
|ap_clk                       |  in |    1| ap_ctrl_hs | image_filter_Duplicate<1080, 1920, 32, 32> | return value |
|ap_rst                       |  in |    1| ap_ctrl_hs | image_filter_Duplicate<1080, 1920, 32, 32> | return value |
|ap_start                     |  in |    1| ap_ctrl_hs | image_filter_Duplicate<1080, 1920, 32, 32> | return value |
|ap_done                      | out |    1| ap_ctrl_hs | image_filter_Duplicate<1080, 1920, 32, 32> | return value |
|ap_idle                      | out |    1| ap_ctrl_hs | image_filter_Duplicate<1080, 1920, 32, 32> | return value |
|ap_ready                     | out |    1| ap_ctrl_hs | image_filter_Duplicate<1080, 1920, 32, 32> | return value |
|src_rows_V_read              |  in |   12|   ap_none  |               src_rows_V_read              |    scalar    |
|src_cols_V_read              |  in |   12|   ap_none  |               src_cols_V_read              |    scalar    |
|src_data_stream_0_V_dout     |  in |    8|   ap_fifo  |             src_data_stream_0_V            |    pointer   |
|src_data_stream_0_V_empty_n  |  in |    1|   ap_fifo  |             src_data_stream_0_V            |    pointer   |
|src_data_stream_0_V_read     | out |    1|   ap_fifo  |             src_data_stream_0_V            |    pointer   |
|src_data_stream_1_V_dout     |  in |    8|   ap_fifo  |             src_data_stream_1_V            |    pointer   |
|src_data_stream_1_V_empty_n  |  in |    1|   ap_fifo  |             src_data_stream_1_V            |    pointer   |
|src_data_stream_1_V_read     | out |    1|   ap_fifo  |             src_data_stream_1_V            |    pointer   |
|src_data_stream_2_V_dout     |  in |    8|   ap_fifo  |             src_data_stream_2_V            |    pointer   |
|src_data_stream_2_V_empty_n  |  in |    1|   ap_fifo  |             src_data_stream_2_V            |    pointer   |
|src_data_stream_2_V_read     | out |    1|   ap_fifo  |             src_data_stream_2_V            |    pointer   |
|dst1_rows_V_read             |  in |   12|   ap_none  |              dst1_rows_V_read              |    scalar    |
|dst1_cols_V_read             |  in |   12|   ap_none  |              dst1_cols_V_read              |    scalar    |
|dst1_data_stream_0_V_din     | out |    8|   ap_fifo  |            dst1_data_stream_0_V            |    pointer   |
|dst1_data_stream_0_V_full_n  |  in |    1|   ap_fifo  |            dst1_data_stream_0_V            |    pointer   |
|dst1_data_stream_0_V_write   | out |    1|   ap_fifo  |            dst1_data_stream_0_V            |    pointer   |
|dst1_data_stream_1_V_din     | out |    8|   ap_fifo  |            dst1_data_stream_1_V            |    pointer   |
|dst1_data_stream_1_V_full_n  |  in |    1|   ap_fifo  |            dst1_data_stream_1_V            |    pointer   |
|dst1_data_stream_1_V_write   | out |    1|   ap_fifo  |            dst1_data_stream_1_V            |    pointer   |
|dst1_data_stream_2_V_din     | out |    8|   ap_fifo  |            dst1_data_stream_2_V            |    pointer   |
|dst1_data_stream_2_V_full_n  |  in |    1|   ap_fifo  |            dst1_data_stream_2_V            |    pointer   |
|dst1_data_stream_2_V_write   | out |    1|   ap_fifo  |            dst1_data_stream_2_V            |    pointer   |
|dst2_rows_V_read             |  in |   12|   ap_none  |              dst2_rows_V_read              |    scalar    |
|dst2_cols_V_read             |  in |   12|   ap_none  |              dst2_cols_V_read              |    scalar    |
|dst2_data_stream_0_V_din     | out |    8|   ap_fifo  |            dst2_data_stream_0_V            |    pointer   |
|dst2_data_stream_0_V_full_n  |  in |    1|   ap_fifo  |            dst2_data_stream_0_V            |    pointer   |
|dst2_data_stream_0_V_write   | out |    1|   ap_fifo  |            dst2_data_stream_0_V            |    pointer   |
|dst2_data_stream_1_V_din     | out |    8|   ap_fifo  |            dst2_data_stream_1_V            |    pointer   |
|dst2_data_stream_1_V_full_n  |  in |    1|   ap_fifo  |            dst2_data_stream_1_V            |    pointer   |
|dst2_data_stream_1_V_write   | out |    1|   ap_fifo  |            dst2_data_stream_1_V            |    pointer   |
|dst2_data_stream_2_V_din     | out |    8|   ap_fifo  |            dst2_data_stream_2_V            |    pointer   |
|dst2_data_stream_2_V_full_n  |  in |    1|   ap_fifo  |            dst2_data_stream_2_V            |    pointer   |
|dst2_data_stream_2_V_write   | out |    1|   ap_fifo  |            dst2_data_stream_2_V            |    pointer   |
+-----------------------------+-----+-----+------------+--------------------------------------------+--------------+

