16:41:57 **** Build of configuration Debug for project test_bsp_xusbps_intr_example_2 ****
make all 
Building file: ../src/xusbps_ch9.c
Invoking: ARM gcc compiler
arm-xilinx-eabi-gcc -Wall -O0 -g3 -c -fmessage-length=0 -MT"src/xusbps_ch9.o" -I../../test_bsp/ps7_cortexa9_0/include -MMD -MP -MF"src/xusbps_ch9.d" -MT"src/xusbps_ch9.d" -o "src/xusbps_ch9.o" "../src/xusbps_ch9.c"
Finished building: ../src/xusbps_ch9.c
 
Building file: ../src/xusbps_ch9_storage.c
Invoking: ARM gcc compiler
arm-xilinx-eabi-gcc -Wall -O0 -g3 -c -fmessage-length=0 -MT"src/xusbps_ch9_storage.o" -I../../test_bsp/ps7_cortexa9_0/include -MMD -MP -MF"src/xusbps_ch9_storage.d" -MT"src/xusbps_ch9_storage.d" -o "src/xusbps_ch9_storage.o" "../src/xusbps_ch9_storage.c"
Finished building: ../src/xusbps_ch9_storage.c
 
Building file: ../src/xusbps_class_storage.c
Invoking: ARM gcc compiler
arm-xilinx-eabi-gcc -Wall -O0 -g3 -c -fmessage-length=0 -MT"src/xusbps_class_storage.o" -I../../test_bsp/ps7_cortexa9_0/include -MMD -MP -MF"src/xusbps_class_storage.d" -MT"src/xusbps_class_storage.d" -o "src/xusbps_class_storage.o" "../src/xusbps_class_storage.c"
Finished building: ../src/xusbps_class_storage.c
 
Building file: ../src/xusbps_intr_example.c
Invoking: ARM gcc compiler
arm-xilinx-eabi-gcc -Wall -O0 -g3 -c -fmessage-length=0 -MT"src/xusbps_intr_example.o" -I../../test_bsp/ps7_cortexa9_0/include -MMD -MP -MF"src/xusbps_intr_example.d" -MT"src/xusbps_intr_example.d" -o "src/xusbps_intr_example.o" "../src/xusbps_intr_example.c"
Finished building: ../src/xusbps_intr_example.c
 
Building target: test_bsp_xusbps_intr_example_2.elf
Invoking: ARM gcc linker
arm-xilinx-eabi-gcc -Wl,-T -Wl,../src/lscript.ld -L../../test_bsp/ps7_cortexa9_0/lib -o "test_bsp_xusbps_intr_example_2.elf"  ./src/xusbps_ch9.o ./src/xusbps_ch9_storage.o ./src/xusbps_class_storage.o ./src/xusbps_intr_example.o   -Wl,--start-group,-lxil,-lgcc,-lc,--end-group
Finished building target: test_bsp_xusbps_intr_example_2.elf
 
Invoking: ARM Print Size
arm-xilinx-eabi-size test_bsp_xusbps_intr_example_2.elf  |tee "test_bsp_xusbps_intr_example_2.elf.size"
   text	   data	    bss	    dec	    hex	filename
  45252	   3000	1139056	1187308	 121dec	test_bsp_xusbps_intr_example_2.elf
Finished building: test_bsp_xusbps_intr_example_2.elf.size
 

16:41:58 Build Finished (took 591ms)

